2025-12-12 12:21:26 - src.utils.config_manager - INFO - Loaded system configuration from system_config.yaml
2025-12-12 12:21:26 - src.utils.config_manager - INFO - Loaded trading configuration from trading_config.yaml
2025-12-12 12:21:26 - asyncio - DEBUG - Using selector: EpollSelector
2025-12-12 12:21:26 - __main__ - INFO - Initiating Genesis Sequence...
2025-12-12 12:21:26 - __main__ - INFO - [1/5] Initializing Orion Phi-4 AI Engine...
2025-12-12 12:21:26 - src.ai.multi_agent_system.AgentManager - INFO - Registered agent: quantum_finance
2025-12-12 12:21:26 - src.ai.multi_agent_system.AgentManager - INFO - Registered agent: pattern_analytics
2025-12-12 12:21:26 - src.ai.multi_agent_system.AgentManager - INFO - Registered agent: poker_logic
2025-12-12 12:21:26 - src.ai.multi_agent_system.AgentManager - INFO - Registered agent: strategy_analyzer
2025-12-12 12:21:26 - src.ai.multi_agent_system - INFO - Initialized 4 agents
2025-12-12 12:21:26 - src.ai.multi_agent_system - INFO - Orion Phi-4 Engine initialized
2025-12-12 12:21:26 - __main__ - INFO - ✓ AI Engine initialized
2025-12-12 12:21:26 - __main__ - INFO - [2/5] Starting Multi-Agent System...
2025-12-12 12:21:26 - src.ai.multi_agent_system - INFO - Starting Orion Phi-4 Engine...
2025-12-12 12:21:26 - src.ai.agents.base_agent.quantum_finance - INFO - Agent quantum_finance started
2025-12-12 12:21:26 - src.ai.agents.base_agent.pattern_analytics - INFO - Agent pattern_analytics started
2025-12-12 12:21:26 - src.ai.agents.base_agent.poker_logic - INFO - Agent poker_logic started
2025-12-12 12:21:26 - src.ai.agents.base_agent.strategy_analyzer - INFO - Agent strategy_analyzer started
2025-12-12 12:21:26 - src.ai.multi_agent_system.AgentManager - INFO - All agents started
2025-12-12 12:21:26 - src.ai.multi_agent_system - INFO - Orion Phi-4 Engine started successfully
2025-12-12 12:21:26 - __main__ - INFO - ✓ All agents started successfully
2025-12-12 12:21:26 - __main__ - INFO - [3/5] Verifying agent health...
2025-12-12 12:21:26 - __main__ - INFO - ✓ All agents are healthy
2025-12-12 12:21:26 - __main__ - INFO - [4/5] Testing agent communication...
2025-12-12 12:21:26 - src.ai.multi_agent_system - INFO - Analyzing market data with all agents...
2025-12-12 12:21:26 - __main__ - INFO - ✓ Agent communication successful
2025-12-12 12:21:26 - __main__ - INFO -   Consensus: hold
2025-12-12 12:21:26 - __main__ - INFO -   Confidence: 32.50%
2025-12-12 12:21:26 - __main__ - INFO - [5/5] Retrieving system status...
2025-12-12 12:21:26 - __main__ - INFO - ✓ System status retrieved
2025-12-12 12:21:26 - src.ai.multi_agent_system - INFO - Stopping Orion Phi-4 Engine...
2025-12-12 12:21:26 - src.ai.agents.base_agent.quantum_finance - INFO - Agent quantum_finance stopped
2025-12-12 12:21:26 - src.ai.agents.base_agent.pattern_analytics - INFO - Agent pattern_analytics stopped
2025-12-12 12:21:26 - src.ai.agents.base_agent.poker_logic - INFO - Agent poker_logic stopped
2025-12-12 12:21:26 - src.ai.agents.base_agent.strategy_analyzer - INFO - Agent strategy_analyzer stopped
2025-12-12 12:21:26 - src.ai.multi_agent_system.AgentManager - INFO - All agents stopped
2025-12-12 12:21:26 - src.ai.multi_agent_system - INFO - Orion Phi-4 Engine stopped
